PREHOOK: query: -- SORT_BEFORE_DIFF

create table authorization_fail_3_avrofile (key int, value string) partitioned by (ds string) stored as avrofile
PREHOOK: type: CREATETABLE
PREHOOK: Output: database:default
PREHOOK: Output: default@authorization_fail_3_avrofile
POSTHOOK: query: -- SORT_BEFORE_DIFF

create table authorization_fail_3_avrofile (key int, value string) partitioned by (ds string) stored as avrofile
POSTHOOK: type: CREATETABLE
POSTHOOK: Output: database:default
POSTHOOK: Output: default@authorization_fail_3_avrofile
PREHOOK: query: grant Create on table authorization_fail_3_avrofile to user hive_test_user
PREHOOK: type: GRANT_PRIVILEGE
PREHOOK: Output: default@authorization_fail_3_avrofile
POSTHOOK: query: grant Create on table authorization_fail_3_avrofile to user hive_test_user
POSTHOOK: type: GRANT_PRIVILEGE
POSTHOOK: Output: default@authorization_fail_3_avrofile
PREHOOK: query: alter table authorization_fail_3_avrofile add partition (ds='2010')
PREHOOK: type: ALTERTABLE_ADDPARTS
PREHOOK: Output: default@authorization_fail_3_avrofile
POSTHOOK: query: alter table authorization_fail_3_avrofile add partition (ds='2010')
POSTHOOK: type: ALTERTABLE_ADDPARTS
POSTHOOK: Output: default@authorization_fail_3_avrofile
POSTHOOK: Output: default@authorization_fail_3_avrofile@ds=2010
PREHOOK: query: show grant user hive_test_user on table authorization_fail_3_avrofile
PREHOOK: type: SHOW_GRANT
POSTHOOK: query: show grant user hive_test_user on table authorization_fail_3_avrofile
POSTHOOK: type: SHOW_GRANT
default	authorization_fail_3_avrofile			hive_test_user	USER	CREATE	false	-1	hive_test_user
PREHOOK: query: show grant user hive_test_user on table authorization_fail_3_avrofile partition (ds='2010')
PREHOOK: type: SHOW_GRANT
POSTHOOK: query: show grant user hive_test_user on table authorization_fail_3_avrofile partition (ds='2010')
POSTHOOK: type: SHOW_GRANT
Authorization failed:No privilege 'Select' found for inputs { database:default, table:authorization_fail_3_avrofile, columnName:key}. Use SHOW GRANT to get more details.
