FAILED: SemanticException [Error 10041]: No partition predicate found for Alias "TS" Table "srcpart"
